// Jest Snapshot v1, https://goo.gl/fbAQLP

exports[`Icon should handle click event 1`] = `
<styled.button
  onClick={
    [MockFunction] {
      "calls": Array [
        Array [],
      ],
      "results": Array [
        Object {
          "type": "return",
          "value": undefined,
        },
      ],
    }
  }
/>
`;
